True
uni  (2, 2, 2, 2) (2, 2, 2, 2)
uni  (2, 2, 2, 2) (2, 2, 2, 2)
uni  (2, 2, 2, 2) (2, 2, 2, 2)
uni  (2, 2, 2, 2) (2, 2, 2, 2)
iso  (2, 2, 4) (2, 2, 4)
iso  (2, 2, 4) (2, 2, 4)
iso  (2, 2, 4) (2, 2, 4)
iso  (2, 2, 4) (2, 2, 4)
uni  (4, 4, 4, 4) (4, 4, 4, 4)
uni  (4, 4, 4, 4) (4, 4, 4, 4)
iso  (4, 4, 16) (4, 4, 16)
iso  (4, 4, 16) (4, 4, 16)
cap  (16, 16, 1) (16, 16)
-0.3222115365795482
    1 -0.322211536580 [best: -0.322211536580] T =      0.000
    2 -1.667873174867 [best: -1.667873174867] T =      1.133
    3 -2.384266913825 [best: -2.384266913825] T =      1.128
    4 -2.669988241652 [best: -2.669988241652] T =      1.128
    5 -3.132118831676 [best: -3.132118831676] T =      1.113
    6 -3.219837022153 [best: -3.219837022153] T =      1.126
    7 -3.283755655398 [best: -3.283755655398] T =      1.020
    8 -3.322141019995 [best: -3.322141019995] T =      1.134
    9 -3.342020434399 [best: -3.342020434399] T =      1.134
   10 -3.355227285436 [best: -3.355227285436] T =      1.148
   11 -3.366615703683 [best: -3.366615703683] T =      1.120
   12 -3.370101171668 [best: -3.370101171668] T =      1.135
   13 -3.373017050942 [best: -3.373017050942] T =      1.127
   14 -3.373864303933 [best: -3.373864303933] T =      1.399
   15 -3.374424161335 [best: -3.374424161335] T =      1.149
   16 -3.374831416102 [best: -3.374831416102] T =      1.122
   17 -3.374731987058 [best: -3.374831416102] T =      1.129
   18 -3.374884393618 [best: -3.374884393618] T =      1.121
   19 -3.374915900865 [best: -3.374915900865] T =      1.218
   20 -3.374925419978 [best: -3.374925419978] T =      1.134
   21 -3.374931410337 [best: -3.374931410337] T =      1.042
   22 -3.374931381846 [best: -3.374931410337] T =      1.117
   23 -3.374932290547 [best: -3.374932290547] T =      1.124
   24 -3.374932492227 [best: -3.374932492227] T =      1.135
   25 -3.374932567121 [best: -3.374932567121] T =      1.130
   26 -3.374932592222 [best: -3.374932592222] T =      1.140
   27 -3.374932592896 [best: -3.374932592896] T =      1.138
   28 -3.374932596038 [best: -3.374932596038] T =      1.149
-3.3749325960376293
time =  31.92972065322101
