True
uni  (4, 4, 4, 4) (4, 4, 4, 4)
uni  (4, 4, 4, 4) (4, 4, 4, 4)
iso  (4, 4, 16) (4, 4, 16)
iso  (4, 4, 16) (4, 4, 16)
cap  (16, 16, 1) (16, 16)
1.9843658771366193
    1 +1.984365877137 [best: +1.984365877137] T =      0.000
    2 -0.608047495922 [best: -0.608047495922] T =      0.818
    3 -1.782915001664 [best: -1.782915001664] T =      0.843
    4 -2.502027414445 [best: -2.502027414445] T =      0.805
    5 -2.724752418929 [best: -2.724752418929] T =      0.814
    6 -2.811825853406 [best: -2.811825853406] T =      0.741
    7 -2.845265467291 [best: -2.845265467291] T =      0.819
    8 -2.861733746073 [best: -2.861733746073] T =      0.818
    9 -2.870139729255 [best: -2.870139729255] T =      0.820
   10 -2.871264624303 [best: -2.871264624303] T =      0.796
   11 -2.875514438391 [best: -2.875514438391] T =      0.798
   12 -2.875721152110 [best: -2.875721152110] T =      0.812
   13 -2.875894513748 [best: -2.875894513748] T =      0.806
   14 -2.875891799175 [best: -2.875894513748] T =      0.805
   15 -2.875915846696 [best: -2.875915846696] T =      0.788
   16 -2.875932345474 [best: -2.875932345474] T =      0.804
   17 -2.875937627807 [best: -2.875937627807] T =      0.771
   18 -2.875940459966 [best: -2.875940459966] T =      0.809
   19 -2.875941722875 [best: -2.875941722875] T =      0.769
   20 -2.875942518101 [best: -2.875942518101] T =      0.798
   21 -2.875942721029 [best: -2.875942721029] T =      0.813
   22 -2.875942790726 [best: -2.875942790726] T =      0.814
   23 -2.875942789892 [best: -2.875942790726] T =      0.765
   24 -2.875942802872 [best: -2.875942802872] T =      0.818
   25 -2.875942807099 [best: -2.875942807099] T =      0.811
-2.8759428070988107
time =  20.23057335987687
