True
D = 20
uni  (4, 4, 4, 4) (4, 4, 4, 4)
uni  (4, 4, 4, 4) (4, 4, 4, 4)
iso  (4, 4, 16) (4, 4, 16)
iso  (4, 4, 16) (4, 4, 16)
cap  (16, 16, 1) (16, 16)
3.1551037766749688
    1 +3.155103776675 [best: +3.155103776675] T =      0.000
    2 +0.271953751108 [best: +0.271953751108] T =      1.008
    3 -0.561618395874 [best: -0.561618395874] T =      1.097
    4 -1.263538199561 [best: -1.263538199561] T =      1.000
    5 -1.556114611440 [best: -1.556114611440] T =      1.015
    6 -1.781077162987 [best: -1.781077162987] T =      1.198
    7 -1.903697570262 [best: -1.903697570262] T =      1.057
    8 -1.977749364493 [best: -1.977749364493] T =      1.098
    9 -2.047577363810 [best: -2.047577363810] T =      1.104
   10 -2.105853563002 [best: -2.105853563002] T =      1.363
   11 -2.158985812905 [best: -2.158985812905] T =      1.056
   12 -2.230738804521 [best: -2.230738804521] T =      1.211
   13 -2.315380994302 [best: -2.315380994302] T =      1.076
   14 -2.427820148179 [best: -2.427820148179] T =      1.229
   15 -2.610245209521 [best: -2.610245209521] T =      1.100
   16 -2.720214494085 [best: -2.720214494085] T =      1.088
   17 -2.790438118809 [best: -2.790438118809] T =      1.104
   18 -2.829771948558 [best: -2.829771948558] T =      1.177
   19 -2.846804779489 [best: -2.846804779489] T =      1.094
   20 -2.862755333458 [best: -2.862755333458] T =      1.087
   21 -2.869841366537 [best: -2.869841366537] T =      1.101
   22 -2.873212018387 [best: -2.873212018387] T =      1.091
   23 -2.875142248213 [best: -2.875142248213] T =      1.094
   24 -2.875526709858 [best: -2.875526709858] T =      1.190
   25 -2.875815858273 [best: -2.875815858273] T =      1.082
   26 -2.875865582511 [best: -2.875865582511] T =      1.085
   27 -2.875907766326 [best: -2.875907766326] T =      1.099
   28 -2.875914832019 [best: -2.875914832019] T =      1.026
   29 -2.875930940446 [best: -2.875930940446] T =      1.090
   30 -2.875935536158 [best: -2.875935536158] T =      1.198
   31 -2.875939812977 [best: -2.875939812977] T =      1.091
   32 -2.875942278179 [best: -2.875942278179] T =      1.030
   33 -2.875941438332 [best: -2.875942278179] T =      1.053
   34 -2.875942515218 [best: -2.875942515218] T =      1.097
   35 -2.875942703155 [best: -2.875942703155] T =      1.096
   36 -2.875942762983 [best: -2.875942762983] T =      1.196
   37 -2.875942782906 [best: -2.875942782906] T =      1.091
   38 -2.875942796243 [best: -2.875942796243] T =      1.090
   39 -2.875942799246 [best: -2.875942799246] T =      1.049
-2.8759427992464017
time =  43.135485695675015
