False
D = 20
uni  (4, 4, 4, 4) (4, 4, 4, 4)
uni  (4, 4, 4, 4) (4, 4, 4, 4)
iso  (4, 4, 16) (4, 4, 16)
iso  (4, 4, 16) (4, 4, 16)
cap  (16, 16, 1) (16, 16)
3.1551037766749683
    1 +3.155103776675 [best: +3.155103776675] T =      0.000
    2 +0.271953751108 [best: +0.271953751108] T =      0.756
    3 -0.561618395874 [best: -0.561618395874] T =      0.831
    4 -1.263538199561 [best: -1.263538199561] T =      0.835
    5 -1.556114611440 [best: -1.556114611440] T =      0.838
    6 -1.781077162987 [best: -1.781077162987] T =      0.828
    7 -1.903697570262 [best: -1.903697570262] T =      0.998
    8 -1.977749364493 [best: -1.977749364493] T =      0.765
    9 -2.047577363810 [best: -2.047577363810] T =      0.835
   10 -2.105853563002 [best: -2.105853563002] T =      0.795
   11 -2.158985812905 [best: -2.158985812905] T =      0.860
   12 -2.230738804521 [best: -2.230738804521] T =      0.979
   13 -2.315380994302 [best: -2.315380994302] T =      0.772
   14 -2.427820148179 [best: -2.427820148179] T =      0.801
   15 -2.610245209521 [best: -2.610245209521] T =      0.797
   16 -2.720214494085 [best: -2.720214494085] T =      0.839
   17 -2.790438118809 [best: -2.790438118809] T =      0.838
   18 -2.829771948558 [best: -2.829771948558] T =      0.779
   19 -2.846804779489 [best: -2.846804779489] T =      0.875
   20 -2.862755333458 [best: -2.862755333458] T =      0.776
   21 -2.869841366537 [best: -2.869841366537] T =      0.823
   22 -2.873212018387 [best: -2.873212018387] T =      0.820
   23 -2.875142248213 [best: -2.875142248213] T =      0.868
   24 -2.875526709858 [best: -2.875526709858] T =      1.022
   25 -2.875815858273 [best: -2.875815858273] T =      0.834
   26 -2.875865582511 [best: -2.875865582511] T =      1.016
   27 -2.875907766326 [best: -2.875907766326] T =      0.782
   28 -2.875914832019 [best: -2.875914832019] T =      0.768
   29 -2.875930940446 [best: -2.875930940446] T =      0.998
   30 -2.875935536158 [best: -2.875935536158] T =      0.829
   31 -2.875939812977 [best: -2.875939812977] T =      0.822
   32 -2.875942278179 [best: -2.875942278179] T =      0.821
   33 -2.875941438332 [best: -2.875942278179] T =      0.814
   34 -2.875942515218 [best: -2.875942515218] T =      0.817
   35 -2.875942703155 [best: -2.875942703155] T =      0.826
   36 -2.875942762983 [best: -2.875942762983] T =      0.894
   37 -2.875942782906 [best: -2.875942782906] T =      0.829
   38 -2.875942796243 [best: -2.875942796243] T =      0.826
   39 -2.875942799246 [best: -2.875942799246] T =      0.835
-2.8759427992464035
time =  32.956325797364116
