False
D = 12
-0.1445313299077686
    1 -0.144531329908 [best: -0.144531329908] T =      0.000
    2 -2.190539409805 [best: -2.190539409805] T =     19.666
    3 -3.203119951224 [best: -3.203119951224] T =     19.728
    4 -4.466193942751 [best: -4.466193942751] T =     19.993
    5 -5.369696141077 [best: -5.369696141077] T =     20.035
    6 -6.136857910237 [best: -6.136857910237] T =     19.960
    7 -6.539883618275 [best: -6.539883618275] T =     19.957
    8 -6.831104776205 [best: -6.831104776205] T =     19.938
    9 -7.031905381382 [best: -7.031905381382] T =     21.912
   10 -7.200840020745 [best: -7.200840020745] T =     19.924
   11 -7.451596143559 [best: -7.451596143559] T =     19.928
   12 -7.532792432421 [best: -7.532792432421] T =     19.950
   13 -7.652036989820 [best: -7.652036989820] T =     19.897
   14 -7.699884599618 [best: -7.699884599618] T =     19.804
   15 -7.785087493927 [best: -7.785087493927] T =     20.726
   16 -7.871441090043 [best: -7.871441090043] T =     21.309
   17 -7.907739130601 [best: -7.907739130601] T =     20.376
   18 -8.005303978870 [best: -8.005303978870] T =     20.313
   19 -8.052691537266 [best: -8.052691537266] T =     19.803
   20 -8.106379232255 [best: -8.106379232255] T =     19.839
   21 -8.193397910229 [best: -8.193397910229] T =     19.847
   22 -8.268344856822 [best: -8.268344856822] T =     19.670
   23 -8.327413365812 [best: -8.327413365812] T =     19.644
   24 -8.387970097681 [best: -8.387970097681] T =     19.544
   25 -8.430319289352 [best: -8.430319289352] T =     19.431
   26 -8.477388514560 [best: -8.477388514560] T =     19.765
   27 -8.520729479599 [best: -8.520729479599] T =     19.398
   28 -8.555358596091 [best: -8.555358596091] T =     19.324
   29 -8.587662666869 [best: -8.587662666869] T =     19.316
   30 -8.617858124900 [best: -8.617858124900] T =     19.348
   31 -8.641969439405 [best: -8.641969439405] T =     19.297
   32 -8.662980012807 [best: -8.662980012807] T =     19.155
   33 -8.681421011151 [best: -8.681421011151] T =     19.641
   34 -8.698215271964 [best: -8.698215271964] T =     19.116
   35 -8.711862572456 [best: -8.711862572456] T =     19.059
   36 -8.723304320074 [best: -8.723304320074] T =     19.190
   37 -8.734040135536 [best: -8.734040135536] T =     19.621
   38 -8.745603604389 [best: -8.745603604389] T =     19.179
   39 -8.752764364630 [best: -8.752764364630] T =     19.409
   40 -8.762264654235 [best: -8.762264654235] T =     19.353
   41 -8.767303124225 [best: -8.767303124225] T =     19.206
   42 -8.774279638430 [best: -8.774279638430] T =     19.413
   43 -8.783356051923 [best: -8.783356051923] T =     18.974
   44 -8.779126906367 [best: -8.783356051923] T =     19.352
   45 -8.788518660147 [best: -8.788518660147] T =     18.999
   46 -8.794970513568 [best: -8.794970513568] T =     18.876
   47 -8.800616734870 [best: -8.800616734870] T =     19.491
   48 -8.807119605540 [best: -8.807119605540] T =     19.378
   49 -8.813131489534 [best: -8.813131489534] T =     19.208
   50 -8.817646298263 [best: -8.817646298263] T =     18.783
   51 -8.821740113088 [best: -8.821740113088] T =     19.324
   52 -8.824546826711 [best: -8.824546826711] T =     19.451
   53 -8.828272713494 [best: -8.828272713494] T =     19.449
   54 -8.831404430918 [best: -8.831404430918] T =     19.510
   55 -8.834850856881 [best: -8.834850856881] T =     19.447
   56 -8.837463312798 [best: -8.837463312798] T =     19.514
   57 -8.840400509790 [best: -8.840400509790] T =     19.485
   58 -8.842922551026 [best: -8.842922551026] T =     19.423
   59 -8.845988101468 [best: -8.845988101468] T =     19.895
   60 -8.847747799867 [best: -8.847747799867] T =     19.966
   61 -8.849417460882 [best: -8.849417460882] T =     19.673
   62 -8.851743928347 [best: -8.851743928347] T =     19.390
   63 -8.853785416274 [best: -8.853785416274] T =     19.526
   64 -8.854931334731 [best: -8.854931334731] T =     19.171
   65 -8.856029058904 [best: -8.856029058904] T =     19.738
   66 -8.856939766360 [best: -8.856939766360] T =     19.584
   67 -8.858388428193 [best: -8.858388428193] T =     19.578
   68 -8.858565637028 [best: -8.858565637028] T =     19.690
   69 -8.860039662454 [best: -8.860039662454] T =     19.806
   70 -8.860432777232 [best: -8.860432777232] T =     20.155
   71 -8.861332653594 [best: -8.861332653594] T =     19.466
   72 -8.862365512923 [best: -8.862365512923] T =     19.252
   73 -8.863042211678 [best: -8.863042211678] T =     19.140
   74 -8.864184910689 [best: -8.864184910689] T =     19.253
   75 -8.864831382026 [best: -8.864831382026] T =     18.895
   76 -8.865689374157 [best: -8.865689374157] T =     19.238
   77 -8.866787719854 [best: -8.866787719854] T =     19.303
   78 -8.867889525002 [best: -8.867889525002] T =     19.191
   79 -8.868553651619 [best: -8.868553651619] T =     19.283
   80 -8.869472540924 [best: -8.869472540924] T =     19.584
   81 -8.869820815197 [best: -8.869820815197] T =     20.024
   82 -8.870461927819 [best: -8.870461927819] T =     19.167
   83 -8.870961916051 [best: -8.870961916051] T =     19.905
   84 -8.871323083840 [best: -8.871323083840] T =     20.492
   85 -8.872045978009 [best: -8.872045978009] T =     20.238
   86 -8.870911545361 [best: -8.872045978009] T =     20.636
   87 -8.872342257698 [best: -8.872342257698] T =     20.314
   88 -8.872703222492 [best: -8.872703222492] T =     20.272
   89 -8.872949250010 [best: -8.872949250010] T =     20.728
   90 -8.873266075445 [best: -8.873266075445] T =     19.931
   91 -8.873658407054 [best: -8.873658407054] T =     20.382
   92 -8.874047435026 [best: -8.874047435026] T =     20.761
   93 -8.874364027639 [best: -8.874364027639] T =     20.341
   94 -8.874609841853 [best: -8.874609841853] T =     21.796
   95 -8.875010411050 [best: -8.875010411050] T =     20.439
   96 -8.875251742172 [best: -8.875251742172] T =     20.306
   97 -8.875594248354 [best: -8.875594248354] T =     20.643
