True
D = 8
2 < U1(2) dot U1(0) > = 1 < U1(3) dot U1(-1) > = 1 < U1(3) dot U1(1) > = 1 < U1(4) dot U1(-2) > = 1 < U1(4) dot U1(0) > = 1 < U1(4) dot U1(2) > = 1 < U1(5) dot U1(-1) > = 1 < U1(5) dot U1(1) > = 1 < U1(6) dot U1(0) > = 1
1.9473552368465574
    1 +1.947355236847 [best: +1.947355236847] T =      0.000
    2 -0.027192664927 [best: -0.027192664927] T =      0.183
    3 -0.582552097396 [best: -0.582552097396] T =      0.182
    4 -0.928257202303 [best: -0.928257202303] T =      0.183
    5 -1.175518032663 [best: -1.175518032663] T =      0.185
    6 -1.466217062207 [best: -1.466217062207] T =      0.182
    7 -1.832606780471 [best: -1.832606780471] T =      0.184
    8 -2.143758480668 [best: -2.143758480668] T =      0.183
    9 -2.353326143104 [best: -2.353326143104] T =      0.182
   10 -2.463666624487 [best: -2.463666624487] T =      0.184
   11 -2.593767684120 [best: -2.593767684120] T =      0.183
   12 -2.679947184799 [best: -2.679947184799] T =      0.184
   13 -2.746277207624 [best: -2.746277207624] T =      0.185
   14 -2.779234333166 [best: -2.779234333166] T =      0.183
   15 -2.800862834931 [best: -2.800862834931] T =      0.183
   16 -2.811210716222 [best: -2.811210716222] T =      0.184
   17 -2.817761363963 [best: -2.817761363963] T =      0.183
   18 -2.819664754516 [best: -2.819664754516] T =      0.185
   19 -2.821308447442 [best: -2.821308447442] T =      0.185
   20 -2.822493513683 [best: -2.822493513683] T =      0.183
   21 -2.823558010220 [best: -2.823558010220] T =      0.183
   22 -2.824949025939 [best: -2.824949025939] T =      0.184
   23 -2.827215007612 [best: -2.827215007612] T =      0.183
   24 -2.827967737166 [best: -2.827967737166] T =      0.183
   25 -2.828317405552 [best: -2.828317405552] T =      0.184
   26 -2.828394627465 [best: -2.828394627465] T =      0.183
   27 -2.828410821255 [best: -2.828410821255] T =      0.183
   28 -2.828424392193 [best: -2.828424392193] T =      0.185
   29 -2.828426339393 [best: -2.828426339393] T =      0.183
   30 -2.828426986752 [best: -2.828426986752] T =      0.188
   31 -2.828426831224 [best: -2.828426986752] T =      0.185
   32 -2.828427102744 [best: -2.828427102744] T =      0.183
   33 -2.828427102744 [best: -2.828427102744] T =      0.189
   34 -2.828427028992 [best: -2.828427102744] T =      0.189
   35 -2.828427105155 [best: -2.828427105155] T =      0.183
   36 -2.828427108546 [best: -2.828427108546] T =      0.184
   37 -2.828427081866 [best: -2.828427108546] T =      0.182
   38 -2.828427091496 [best: -2.828427108546] T =      0.182
   39 -2.828427114709 [best: -2.828427114709] T =      0.183
   40 -2.828427118660 [best: -2.828427118660] T =      0.182
   41 -2.828427106164 [best: -2.828427118660] T =      0.294
   42 -2.828427100854 [best: -2.828427118660] T =      0.184
   43 -2.828427109092 [best: -2.828427118660] T =      0.183
   44 -2.828427118742 [best: -2.828427118742] T =      0.183
   45 -2.828427119511 [best: -2.828427119511] T =      0.186
   46 -2.828427114206 [best: -2.828427119511] T =      0.188
   47 -2.828427112085 [best: -2.828427119511] T =      0.185
   48 -2.828427116030 [best: -2.828427119511] T =      0.187
   49 -2.828427120893 [best: -2.828427120893] T =      0.184
   50 -2.828427121717 [best: -2.828427121717] T =      0.190
   51 -2.828427119608 [best: -2.828427121717] T =      0.184
   52 -2.828427118768 [best: -2.828427121717] T =      0.182
   53 -2.828427120503 [best: -2.828427121717] T =      0.182
   54 -2.828427122425 [best: -2.828427122425] T =      0.184
   55 -2.828427122286 [best: -2.828427122425] T =      0.182
   56 -2.828427120878 [best: -2.828427122425] T =      0.183
   57 -2.828427120524 [best: -2.828427122425] T =      0.184
   58 -2.828427121829 [best: -2.828427122425] T =      0.183
   59 -2.828427123254 [best: -2.828427123254] T =      0.182
   60 -2.828427123393 [best: -2.828427123393] T =      0.184
   61 -2.828427122670 [best: -2.828427123393] T =      0.182
   62 -2.828427122468 [best: -2.828427123393] T =      0.181
   63 -2.828427123202 [best: -2.828427123393] T =      0.181
   64 -2.828427123977 [best: -2.828427123977] T =      0.180
   65 -2.828427123953 [best: -2.828427123977] T =      0.180
   66 -2.828427123421 [best: -2.828427123977] T =      0.183
   67 -2.828427123267 [best: -2.828427123977] T =      0.181
   68 -2.828427123728 [best: -2.828427123977] T =      0.180
   69 -2.828427124192 [best: -2.828427124192] T =      0.181
   70 -2.828427124145 [best: -2.828427124192] T =      0.181
   71 -2.828427123834 [best: -2.828427124192] T =      0.180
   72 -2.828427123810 [best: -2.828427124192] T =      0.182
   73 -2.828427124149 [best: -2.828427124192] T =      0.181
   74 -2.828427124438 [best: -2.828427124438] T =      0.180
   75 -2.828427124407 [best: -2.828427124438] T =      0.182
   76 -2.828427124249 [best: -2.828427124438] T =      0.181
   77 -2.828427124272 [best: -2.828427124438] T =      0.181
   78 -2.828427124452 [best: -2.828427124452] T =      0.182
   79 -2.828427124536 [best: -2.828427124536] T =      0.182
   80 -2.828427124452 [best: -2.828427124536] T =      0.204
   81 -2.828427124386 [best: -2.828427124536] T =      0.225
   82 -2.828427124469 [best: -2.828427124536] T =      0.231
   83 -2.828427124588 [best: -2.828427124588] T =      0.224
   84 -2.828427124598 [best: -2.828427124598] T =      0.224
   85 -2.828427124543 [best: -2.828427124598] T =      0.223
   86 -2.828427124558 [best: -2.828427124598] T =      0.223
   87 -2.828427124640 [best: -2.828427124640] T =      0.354
   88 -2.828427124673 [best: -2.828427124673] T =      0.221
   89 -2.828427124634 [best: -2.828427124673] T =      0.222
   90 -2.828427124612 [best: -2.828427124673] T =      0.221
   91 -2.828427124652 [best: -2.828427124673] T =      0.221
   92 -2.828427124689 [best: -2.828427124689] T =      0.223
   93 -2.828427124671 [best: -2.828427124689] T =      0.222
   94 -2.828427124646 [best: -2.828427124689] T =      0.222
   95 -2.828427124669 [best: -2.828427124689] T =      0.223
   96 -2.828427124711 [best: -2.828427124711] T =      0.222
   97 -2.828427124715 [best: -2.828427124715] T =      0.234
   98 -2.828427124692 [best: -2.828427124715] T =      0.251
   99 -2.828427124692 [best: -2.828427124715] T =      0.250
  100 -2.828427124716 [best: -2.828427124716] T =      0.250
  101 -2.828427124723 [best: -2.828427124723] T =      0.252
  102 -2.828427124710 [best: -2.828427124723] T =      0.250
  103 -2.828427124708 [best: -2.828427124723] T =      0.250
  104 -2.828427124721 [best: -2.828427124723] T =      0.249
  105 -2.828427124728 [best: -2.828427124728] T =      0.247
  106 -2.828427124723 [best: -2.828427124728] T =      0.247
  107 -2.828427124724 [best: -2.828427124728] T =      0.250
  108 -2.828427124732 [best: -2.828427124732] T =      0.245
  109 -2.828427124735 [best: -2.828427124735] T =      0.241
  110 -2.828427124732 [best: -2.828427124735] T =      0.242
  111 -2.828427124733 [best: -2.828427124735] T =      0.237
  112 -2.828427124737 [best: -2.828427124737] T =      0.223
  113 -2.828427124736 [best: -2.828427124737] T =      0.224
  114 -2.828427124734 [best: -2.828427124737] T =      0.223
  115 -2.828427124737 [best: -2.828427124737] T =      0.223
  116 -2.828427124741 [best: -2.828427124741] T =      0.325
  117 -2.828427124741 [best: -2.828427124741] T =      0.221
  118 -2.828427124739 [best: -2.828427124741] T =      0.221
  119 -2.828427124740 [best: -2.828427124741] T =      0.185
  120 -2.828427124743 [best: -2.828427124743] T =      0.186
  121 -2.828427124742 [best: -2.828427124743] T =      0.184
  122 -2.828427124741 [best: -2.828427124743] T =      0.183
  123 -2.828427124742 [best: -2.828427124743] T =      0.187
  124 -2.828427124743 [best: -2.828427124743] T =      0.186
  125 -2.828427124743 [best: -2.828427124743] T =      0.183
  126 -2.828427124743 [best: -2.828427124743] T =      0.184
  127 -2.828427124744 [best: -2.828427124744] T =      0.185
  128 -2.828427124744 [best: -2.828427124744] T =      0.183
  129 -2.828427124744 [best: -2.828427124744] T =      0.184
  130 -2.828427124744 [best: -2.828427124744] T =      0.184
  131 -2.828427124745 [best: -2.828427124745] T =      0.184
  132 -2.828427124745 [best: -2.828427124745] T =      0.184
  133 -2.828427124745 [best: -2.828427124745] T =      0.185
  134 -2.828427124745 [best: -2.828427124745] T =      0.184
  135 -2.828427124745 [best: -2.828427124745] T =      0.184
  136 -2.828427124745 [best: -2.828427124745] T =      0.185
  137 -2.828427124745 [best: -2.828427124745] T =      0.184
  138 -2.828427124745 [best: -2.828427124745] T =      0.184
  139 -2.828427124746 [best: -2.828427124746] T =      0.186
  140 -2.828427124746 [best: -2.828427124746] T =      0.184
  141 -2.828427124746 [best: -2.828427124746] T =      0.185
  142 -2.828427124746 [best: -2.828427124746] T =      0.186
  143 -2.828427124746 [best: -2.828427124746] T =      0.185
  144 -2.828427124746 [best: -2.828427124746] T =      0.292
  145 -2.828427124746 [best: -2.828427124746] T =      0.187
  146 -2.828427124746 [best: -2.828427124746] T =      0.186
  147 -2.828427124746 [best: -2.828427124746] T =      0.188
  148 -2.828427124746 [best: -2.828427124746] T =      0.188
  149 -2.828427124746 [best: -2.828427124746] T =      0.185
  150 -2.828427124746 [best: -2.828427124746] T =      0.185
  151 -2.828427124746 [best: -2.828427124746] T =      0.184
  152 -2.828427124746 [best: -2.828427124746] T =      0.185
  153 -2.828427124746 [best: -2.828427124746] T =      0.186
  154 -2.828427124746 [best: -2.828427124746] T =      0.185
  155 -2.828427124746 [best: -2.828427124746] T =      0.184
  156 -2.828427124746 [best: -2.828427124746] T =      0.187
  157 -2.828427124746 [best: -2.828427124746] T =      0.185
  158 -2.828427124746 [best: -2.828427124746] T =      0.185
  159 -2.828427124746 [best: -2.828427124746] T =      0.187
  160 -2.828427124746 [best: -2.828427124746] T =      0.185
  161 -2.828427124746 [best: -2.828427124746] T =      0.185
  162 -2.828427124746 [best: -2.828427124746] T =      0.187
  163 -2.828427124746 [best: -2.828427124746] T =      0.186
  164 -2.828427124746 [best: -2.828427124746] T =      0.186
  165 -2.828427124746 [best: -2.828427124746] T =      0.187
  166 -2.828427124746 [best: -2.828427124746] T =      0.185
  167 -2.828427124746 [best: -2.828427124746] T =      0.185
  168 -2.828427124746 [best: -2.828427124746] T =      0.186
  169 -2.828427124746 [best: -2.828427124746] T =      0.186
  170 -2.828427124746 [best: -2.828427124746] T =      0.185
  171 -2.828427124746 [best: -2.828427124746] T =      0.187
  172 -2.828427124746 [best: -2.828427124746] T =      0.186
  173 -2.828427124746 [best: -2.828427124746] T =      0.186
  174 -2.828427124746 [best: -2.828427124746] T =      0.187
  175 -2.828427124746 [best: -2.828427124746] T =      0.186
  176 -2.828427124746 [best: -2.828427124746] T =      0.185
  177 -2.828427124746 [best: -2.828427124746] T =      0.187
  178 -2.828427124746 [best: -2.828427124746] T =      0.185
  179 -2.828427124746 [best: -2.828427124746] T =      0.185
  180 -2.828427124746 [best: -2.828427124746] T =      0.188
  181 -2.828427124746 [best: -2.828427124746] T =      0.186
  182 -2.828427124746 [best: -2.828427124746] T =      0.185
  183 -2.828427124746 [best: -2.828427124746] T =      0.187
  184 -2.828427124746 [best: -2.828427124746] T =      0.187
  185 -2.828427124746 [best: -2.828427124746] T =      0.186
  186 -2.828427124746 [best: -2.828427124746] T =      0.187
  187 -2.828427124746 [best: -2.828427124746] T =      0.185
  188 -2.828427124746 [best: -2.828427124746] T =      0.186
  189 -2.828427124746 [best: -2.828427124746] T =      0.187
  190 -2.828427124746 [best: -2.828427124746] T =      0.275
  191 -2.828427124746 [best: -2.828427124746] T =      0.186
  192 -2.828427124746 [best: -2.828427124746] T =      0.183
  193 -2.828427124746 [best: -2.828427124746] T =      0.184
  194 -2.828427124746 [best: -2.828427124746] T =      0.185
  195 -2.828427124746 [best: -2.828427124746] T =      0.184
  196 -2.828427124746 [best: -2.828427124746] T =      0.188
  197 -2.828427124746 [best: -2.828427124746] T =      0.191
  198 -2.828427124746 [best: -2.828427124746] T =      0.190
  199 -2.828427124746 [best: -2.828427124746] T =      0.202
  200 -2.828427124746 [best: -2.828427124746] T =      0.202
  201 -2.828427124746 [best: -2.828427124746] T =      0.191
  202 -2.828427124746 [best: -2.828427124746] T =      0.192
  203 -2.828427124746 [best: -2.828427124746] T =      0.195
  204 -2.828427124746 [best: -2.828427124746] T =      0.210
  205 -2.828427124746 [best: -2.828427124746] T =      0.209
  206 -2.828427124746 [best: -2.828427124746] T =      0.199
  207 -2.828427124746 [best: -2.828427124746] T =      0.193
  208 -2.828427124746 [best: -2.828427124746] T =      0.190
  209 -2.828427124746 [best: -2.828427124746] T =      0.185
  210 -2.828427124746 [best: -2.828427124746] T =      0.185
  211 -2.828427124746 [best: -2.828427124746] T =      0.185
  212 -2.828427124746 [best: -2.828427124746] T =      0.189
  213 -2.828427124746 [best: -2.828427124746] T =      0.184
  214 -2.828427124746 [best: -2.828427124746] T =      0.185
  215 -2.828427124746 [best: -2.828427124746] T =      0.188
  216 -2.828427124746 [best: -2.828427124746] T =      0.185
  217 -2.828427124746 [best: -2.828427124746] T =      0.185
  218 -2.828427124746 [best: -2.828427124746] T =      0.186
  219 -2.828427124746 [best: -2.828427124746] T =      0.185
  220 -2.828427124746 [best: -2.828427124746] T =      0.184
  221 -2.828427124746 [best: -2.828427124746] T =      0.186
  222 -2.828427124746 [best: -2.828427124746] T =      0.185
  223 -2.828427124746 [best: -2.828427124746] T =      0.184
  224 -2.828427124746 [best: -2.828427124746] T =      0.186
  225 -2.828427124746 [best: -2.828427124746] T =      0.184
  226 -2.828427124746 [best: -2.828427124746] T =      0.184
  227 -2.828427124746 [best: -2.828427124746] T =      0.186
  228 -2.828427124746 [best: -2.828427124746] T =      0.185
  229 -2.828427124746 [best: -2.828427124746] T =      0.185
  230 -2.828427124746 [best: -2.828427124746] T =      0.186
  231 -2.828427124746 [best: -2.828427124746] T =      0.185
  232 -2.828427124746 [best: -2.828427124746] T =      0.185
  233 -2.828427124746 [best: -2.828427124746] T =      0.187
-2.8284271247461916
time =  45.57339173555374
