True
D = 5
4 < U1(3) dot U1(-1) > = 1 < U1(3) dot U1(1) > = 1 < U1(4) dot U1(0) > = 1 < U1(5) dot U1(-1) > = 1 < U1(5) dot U1(1) > = 1
2 < U1(16) dot U1(0) > = 1
8.195375429276647
    1 +8.195375429277 [best: +8.195375429277] T =      0.000
    2 +6.453738731702 [best: +6.453738731702] T =    160.965
    3 +4.178693366325 [best: +4.178693366325] T =    170.464
    4 +1.616945426104 [best: +1.616945426104] T =    187.307
    5 -0.433024582182 [best: -0.433024582182] T =    157.529
