True
D = 5
symm_map =  <function symm_map_u11_to_z22 at 0x7f6951b021f0>
4 < U1(3) dot U1(-1) > = 1 < U1(3) dot U1(1) > = 1 < U1(4) dot U1(0) > = 1 < U1(5) dot U1(-1) > = 1 < U1(5) dot U1(1) > = 1
2 < U1(16) dot U1(0) > = 1
8.267086946081767
    1 +8.267086946082 [best: +8.267086946082] T =      0.000
    2 +6.407717632731 [best: +6.407717632731] T =     12.566
    3 +4.839267128804 [best: +4.839267128804] T =     12.403
    4 +1.861295674540 [best: +1.861295674540] T =     12.478
    5 -0.016609787911 [best: -0.016609787911] T =     12.706
    6 -1.432520427568 [best: -1.432520427568] T =     12.451
    7 -2.392585493354 [best: -2.392585493354] T =     12.347
    8 -4.129063689027 [best: -4.129063689027] T =     12.194
    9 -4.621789788794 [best: -4.621789788794] T =     12.544
   10 -5.657041169847 [best: -5.657041169847] T =     12.398
   11 -6.380804322881 [best: -6.380804322881] T =     12.342
   12 -6.804748271801 [best: -6.804748271801] T =     12.786
   13 -7.657739895008 [best: -7.657739895008] T =     12.364
   14 -6.857399943486 [best: -7.657739895008] T =     12.308
   15 -7.793346248506 [best: -7.793346248506] T =     12.201
   16 -8.050613287910 [best: -8.050613287910] T =     12.197
   17 -7.913933079445 [best: -8.050613287910] T =     12.647
   18 -8.152931852423 [best: -8.152931852423] T =     12.705
   19 -8.681901915073 [best: -8.681901915073] T =     12.370
   20 -8.851093966223 [best: -8.851093966223] T =     12.346
   21 -8.982162877243 [best: -8.982162877243] T =     12.238
